/Users/aaronsmith/.pyenv/versions/3.8.13/bin/python: can't open file 'scheduler.py': [Errno 2] No such file or directory
Starting seed...
11040
11041
11042
11043
11044
11045
11046
generating drink  11046
11047
11048
11049
Starting seed...
11050
generating drink  11050
11051
11052
generating drink  11052
11053
generating drink  11053
11054
generating drink  11054
11055
generating drink  11055
11056
11057
11058
11059
Starting seed...
11060
generating drink  11060
11061
11062
11063
11064
generating drink  11064
11065
11066
11067
11068
11069
Starting seed...
11070
11071
11072
11073
11074
11075
11076
11077
11078
11079
Starting seed...
11080
11081
11082
11083
11084
generating drink  11084
11085
11086
11087
11088
11089
Starting seed...
11090
11091
11092
11093
11094
11095
11096
11097
11098
11099
Starting seed...
11100
11101
11102
generating drink  11102
11103
11104
11105
11106
generating drink  11106
11107
11108
11109
Starting seed...
11110
11111
11112
generating drink  11112
11113
generating drink  11113
11114
11115
11116
11117
generating drink  11117
11118
generating drink  11118
11119
generating drink  11119
Starting seed...
11120
generating drink  11120
11121
generating drink  11121
11122
11123
11124
generating drink  11124
11125
11126
11127
11128
generating drink  11128
11129
generating drink  11129
Starting seed...
11130
11131
11132
11133
11134
11135
11136
11137
11138
11139
Starting seed...
11140
11141
11142
11143
11144
11145
generating drink  11145
11146
generating drink  11146
11147
generating drink  11147
11148
11149
generating drink  11149
Starting seed...
11150
11151
11152
11153
11154
11155
11156
11157
generating drink  11157
11158
11159
Starting seed...
11160
11161
11162
11163
11164
generating drink  11164
11165
11166
11167
11168
11169
Starting seed...
11170
generating drink  11170
11171
11172
11173
11174
11175
11176
11177
11178
11179
Starting seed...
11180
11181
11182
11183
11184
11185
11186
11187
11188
11189
Starting seed...
11190
11191
11192
11193
11194
11195
11196
11197
11198
11199
Starting seed...
11200
11201
11202
generating drink  11202
11203
11204
11205
generating drink  11205
11206
11207
11208
11209
Starting seed...
11210
11211
11212
11213
11214
11215
11216
11217
11218
11219
Starting seed...
11220
11221
11222
generating drink  11222
11223
11224
generating drink  11224
11225
11226
11227
generating drink  11227
11228
11229
Starting seed...
11230
11231
11232
11233
11234
11235
11236
11237
11238
11239
generating drink  11239
Starting seed...
11240
11241
11242
generating drink  11242
11243
generating drink  11243
11244
11245
11246
11247
11248
11249
Starting seed...
11250
11251
generating drink  11251
11252
11253
11254
11255
generating drink  11255
11256
11257
11258
11259
Starting seed...
11260
11261
11262
11263
11264
11265
11266
11267
11268
11269
Starting seed...
11270
11271
11272
11273
11274
11275
11276
11277
11278
11279
Starting seed...
11280
11281
11282
11283
11284
11285
11286
11287
11288
generating drink  11288
11289
Starting seed...
11290
11291
11292
11293
11294
11295
11296
11297
11298
11299
Starting seed...
11300
11301
11302
11303
11304
11305
11306
11307
11308
11309
Starting seed...
11310
11311
11312
11313
11314
11315
11316
11317
11318
11319
Starting seed...
11320
generating drink  11320
11321
11322
11323
11324
generating drink  11324
11325
11326
generating drink  11326
11327
11328
11329
Starting seed...
11330
11331
11332
11333
11334
11335
11336
11337
11338
generating drink  11338
11339
generating drink  11339
Starting seed...
11340
11341
11342
11343
11344
11345
11346
11347
11348
11349
Starting seed...
11350
11351
11352
11353
11354
11355
11356
11357
11358
11359
Starting seed...
11360
11361
11362
11363
11364
11365
11366
11367
11368
generating drink  11368
11369
generating drink  11369
Starting seed...
11370
11371
11372
11373
11374
11375
generating drink  11375
11376
11377
11378
11379
Starting seed...
11380
11381
11382
generating drink  11382
11383
11384
11385
11386
11387
generating drink  11387
11388
11389
Starting seed...
11390
generating drink  11390
11391
generating drink  11391
11392
11393
11394
11395
11396
generating drink  11396
11397
11398
11399
Starting seed...
11400
11401
11402
11403
generating drink  11403
11404
11405
11406
11407
generating drink  11407
11408
generating drink  11408
11409
Starting seed...
11410
generating drink  11410
11411
11412
11413
11414
11415
generating drink  11415
11416
generating drink  11416
11417
generating drink  11417
11418
generating drink  11418
11419
generating drink  11419
Starting seed...
11420
generating drink  11420
11421
11422
generating drink  11422
11423
generating drink  11423
11424
generating drink  11424
11425
11426
11427
11428
11429
Starting seed...
11430
11431
11432
11433
generating drink  11433
11434
11435
11436
11437
11438
11439
Starting seed...
11440
11441
11442
11443
11444
11445
11446
11447
11448
11449
Starting seed...
11450
11451
11452
11453
11454
11455
11456
11457
11458
11459
Starting seed...
11460
11461
11462
generating drink  11462
11463
11464
11465
11466
11467
11468
11469
Starting seed...
11470
generating drink  11470
11471
11472
generating drink  11472
11473
11474
11475
11476
generating drink  11476
11477
11478
11479
Starting seed...
11480
11481
11482
11483
11484
11485
11486
11487
11488
11489
Starting seed...
11490
11491
11492
11493
11494
11495
11496
11497
11498
11499
Starting seed...
11500
11501
11502
11503
11504
11505
11506
11507
11508
11509
Starting seed...
11510
11511
11512
11513
11514
11515
11516
11517
11518
11519
Starting seed...
11520
11521
11522
11523
11524
generating drink  11524
11525
11526
11527
11528
generating drink  11528
11529
Starting seed...
11530
11531
11532
11533
11534
11535
11536
11537
11538
11539
Starting seed...
11540
11541
11542
generating drink  11542
11543
11544
11545
11546
11547
11548
11549
Starting seed...
11550
11551
11552
11553
11554
11555
11556
11557
11558
generating drink  11558
11559
Starting seed...
11560
11561
11562
11563
11564
11565
11566
generating drink  11566
11567
11568
11569
Starting seed...
11570
11571
11572
11573
11574
11575
11576
11577
11578
11579
Starting seed...
11580
generating drink  11580
11581
11582
11583
11584
11585
11586
11587
11588
11589
Starting seed...
11590
11591
11592
11593
11594
11595
11596
11597
11598
11599
Starting seed...
11600
generating drink  11600
11601
11602
generating drink  11602
11603
11604
generating drink  11604
11605
11606
11607
11608
11609
Starting seed...
11610
11611
11612
11613
11614
11615
11616
11617
11618
11619
Starting seed...
11620
11621
11622
11623
11624
11625
11626
11627
11628
11629
Starting seed...
11630
11631
11632
11633
11634
generating drink  11634
11635
11636
11637
11638
11639
Starting seed...
11640
11641
11642
11643
11644
11645
11646
11647
11648
11649
Starting seed...
11650
11651
11652
11653
11654
11655
11656
11657
11658
generating drink  11658
11659
Starting seed...
11660
11661
11662
generating drink  11662
11663
11664
generating drink  11664
11665
11666
generating drink  11666
11667
11668
11669
Starting seed...
11670
generating drink  11670
11671
11672
11673
11674
11675
11676
11677
11678
11679
Starting seed...
11680
11681
11682
11683
11684
11685
11686
11687
11688
11689
Starting seed...
11690
generating drink  11690
11691
11692
11693
11694
11695
11696
11697
11698
11699
Starting seed...
11700
11701
11702
11703
11704
11705
11706
11707
11708
11709
Starting seed...
11710
11711
11712
11713
11714
11715
11716
11717
11718
11719
Starting seed...
11720
generating drink  11720
11721
11722
11723
11724
11725
11726
11727
11728
generating drink  11728
11729
Starting seed...
11730
11731
11732
11733
11734
11735
11736
11737
11738
11739
Starting seed...
11740
11741
11742
11743
11744
11745
11746
11747
11748
11749
Starting seed...
11750
11751
11752
11753
11754
11755
11756
11757
11758
11759
Starting seed...
11760
11761
11762
11763
11764
11765
11766
generating drink  11766
11767
11768
11769
Starting seed...
11770
11771
11772
11773
11774
11775
11776
11777
11778
11779
Starting seed...
11780
11781
11782
11783
11784
11785
11786
generating drink  11786
11787
11788
11789
Starting seed...
11790
11791
11792
11793
11794
11795
11796
11797
11798
generating drink  11798
11799
Starting seed...
11800
11801
11802
11803
11804
11805
11806
11807
11808
11809
Starting seed...
11810
11811
11812
11813
11814
11815
11816
11817
11818
11819
Starting seed...
11820
11821
11822
11823
11824
11825
11826
11827
11828
11829
Starting seed...
11830
11831
11832
11833
11834
11835
11836
11837
11838
11839
Starting seed...
11840
11841
11842
11843
11844
generating drink  11844
11845
11846
11847
11848
11849
Starting seed...
11850
11851
11852
11853
11854
11855
11856
11857
11858
11859
Starting seed...
11860
11861
11862
11863
11864
11865
11866
11867
11868
11869
Starting seed...
11870
generating drink  11870
11871
11872
generating drink  11872
11873
11874
11875
11876
11877
11878
11879
Starting seed...
11880
11881
11882
11883
11884
11885
11886
11887
11888
11889
Starting seed...
11890
11891
11892
11893
11894
11895
11896
11897
11898
11899
Starting seed...
11900
11901
11902
11903
11904
11905
11906
11907
11908
11909
Starting seed...
11910
11911
11912
11913
11914
11915
11916
11917
11918
11919
Starting seed...
11920
11921
11922
11923
11924
11925
11926
11927
11928
11929
Starting seed...
11930
11931
11932
11933
11934
11935
11936
generating drink  11936
11937
11938
generating drink  11938
11939
Starting seed...
11940
11941
11942
11943
11944
11945
11946
11947
11948
11949
Starting seed...
11950
11951
11952
11953
11954
11955
11956
11957
11958
11959
generating drink  11959
Starting seed...
11960
11961
generating drink  11961
11962
11963
generating drink  11963
11964
11965
generating drink  11965
11966
11967
11968
11969
Starting seed...
11970
11971
11972
11973
11974
11975
11976
11977
11978
11979
Starting seed...
11980
11981
11982
11983
generating drink  11983
11984
11985
generating drink  11985
11986
11987
generating drink  11987
11988
11989
generating drink  11989
Starting seed...
11990
11991
generating drink  11991
11992
11993
generating drink  11993
11994
11995
11996
11997
11998
11999
Starting seed...
12000
12001
12002
12003
12004
12005
12006
12007
12008
12009
Starting seed...
12010
12011
12012
12013
12014
12015
12016
12017
12018
12019
Starting seed...
12020
12021
12022
12023
12024
12025
12026
12027
12028
12029
Starting seed...
12030
12031
12032
12033
12034
12035
12036
12037
12038
12039
Starting seed...
12040
12041
12042
12043
12044
12045
12046
12047
12048
12049
Starting seed...
12050
12051
12052
12053
12054
12055
generating drink  12055
12056
12057
generating drink  12057
12058
12059
Starting seed...
12060
12061
12062
12063
12064
12065
12066
12067
generating drink  12067
12068
12069
Starting seed...
12070
12071
generating drink  12071
12072
12073
12074
12075
12076
12077
12078
12079
Starting seed...
12080
12081
12082
12083
12084
12085
12086
12087
generating drink  12087
12088
12089
generating drink  12089
Starting seed...
12090
12091
generating drink  12091
12092
12093
generating drink  12093
12094
12095
12096
12097
generating drink  12097
12098
12099
Starting seed...
12100
12101
generating drink  12101
12102
12103
12104
12105
12106
12107
generating drink  12107
12108
12109
Starting seed...
12110
12111
12112
12113
12114
12115
12116
12117
12118
12119
Starting seed...
12120
12121
12122
12123
12124
12125
12126
12127
generating drink  12127
12128
12129
Starting seed...
12130
generating drink  12130
12131
12132
12133
12134
12135
12136
12137
12138
generating drink  12138
12139
Starting seed...
12140
12141
12142
12143
12144
12145
12146
12147
12148
12149
Starting seed...
12150
12151
12152
12153
12154
12155
12156
12157
12158
generating drink  12158
12159
Starting seed...
12160
12161
12162
generating drink  12162
12163
12164
12165
12166
12167
12168
12169
Starting seed...
12170
12171
12172
12173
12174
12175
12176
12177
12178
12179
Starting seed...
12180
12181
12182
12183
12184
12185
12186
generating drink  12186
12187
12188
generating drink  12188
12189
Starting seed...
12190
generating drink  12190
12191
12192
12193
12194
12195
12196
generating drink  12196
12197
12198
generating drink  12198
12199
Starting seed...
12200
12201
12202
12203
12204
12205
12206
12207
12208
12209
Starting seed...
12210
12211
12212
12213
12214
generating drink  12214
12215
12216
12217
12218
12219
Starting seed...
12220
12221
12222
12223
12224
generating drink  12224
12225
12226
12227
12228
12229
Starting seed...
12230
12231
12232
12233
12234
12235
12236
12237
12238
12239
Starting seed...
12240
12241
12242
12243
12244
12245
12246
12247
12248
12249
Starting seed...
12250
12251
12252
12253
12254
12255
12256
generating drink  12256
12257
12258
12259
Starting seed...
12260
12261
12262
12263
12264
12265
12266
12267
12268
12269
Starting seed...
12270
12271
12272
12273
12274
12275
12276
12277
12278
12279
Starting seed...
12280
12281
12282
12283
12284
12285
12286
12287
12288
12289
Starting seed...
12290
12291
12292
12293
12294
12295
12296
12297
12298
12299
Starting seed...
12300
12301
12302
12303
12304
12305
12306
12307
12308
generating drink  12308
12309
Starting seed...
12310
12311
12312
12313
12314
12315
12316
generating drink  12316
12317
12318
12319
